  [ok] yinfu-jing: era, genre  era=medieval genre=scripture-revealed
  [ok] qingjing-jing: era, genre  era=medieval genre=scripture-revealed
  [ok] sblgnt-3-john: era, genre  era=classical-antiquity genre=scripture-revealed
  [ok] sblgnt-2-john: era, genre  era=classical-antiquity genre=scripture-revealed
  [ok] heart-sutra-xuanzang: era, genre  era=classical-antiquity genre=scripture-revealed
  [ok] sblgnt-philemon: era, genre  era=classical-antiquity genre=scripture-revealed
  [ok] taishang-ganying-pian: era, genre  era=medieval genre=scripture-revealed
  [ok] obadiah: era, genre  era=axial-age genre=prophecy-apocalypse
  [ok] sblgnt-jude: era, genre  era=classical-antiquity genre=scripture-revealed
  [ok] great-learning: era, genre  era=axial-age genre=scripture-revealed
  [ok] amitabha-sutra: era, genre  era=classical-antiquity genre=scripture-revealed
  [ok] huangting-waijing: era, genre  era=classical-antiquity genre=scripture-revealed
  [ok] sblgnt-titus: era, genre  era=classical-antiquity genre=scripture-revealed
  [ok] fortytwo-chapters-sutra: era, genre  era=classical-antiquity genre=scripture-revealed
  [ok] sblgnt-2-thessalonians: era, genre  era=classical-antiquity genre=scripture-revealed
  [ok] nahum: era, genre  era=axial-age genre=prophecy-apocalypse
  [ok] haggai: era, genre  era=axial-age genre=prophecy-apocalypse
  [ok] habakkuk: era, genre  era=axial-age genre=prophecy-apocalypse
  [ok] jonah: era, genre  era=axial-age genre=scripture-revealed
  [ok] sn9-vana: era, genre  era=axial-age genre=scripture-revealed
  [ok] zephaniah: era, genre  era=axial-age genre=prophecy-apocalypse
  [ok] doctrine-of-the-mean: era, genre  era=axial-age genre=philosophy-doctrine
  [ok] sn5-bhikkhuni: era, genre  era=axial-age genre=scripture-revealed
  [ok] sblgnt-2-peter: era, genre  era=classical-antiquity genre=scripture-revealed
  [ok] malachi: era, genre  era=axial-age genre=prophecy-apocalypse
  [git] committed 25 paths (+25 done)
  [git] pushed
  [ok] sn10-yakkha: era, genre  era=axial-age genre=scripture-revealed
  [ok] sblgnt-2-timothy: era, genre  era=classical-antiquity genre=scripture-revealed
  [ok] joel: era, genre  era=axial-age genre=prophecy-apocalypse
  [ok] medicine-buddha-sutra: era, genre  era=classical-antiquity genre=scripture-revealed
  [ok] yoga-sutra: era, genre  era=classical-antiquity genre=philosophy-doctrine
  [ok] sblgnt-1-thessalonians: era, genre  era=classical-antiquity genre=scripture-revealed
  [ok] sblgnt-colossians: era, genre  era=classical-antiquity genre=scripture-revealed
  [ok] diamond-sutra-kumarajiva: era, genre  era=classical-antiquity genre=scripture-revealed
  [ok] shvetashvatara-upanishad: era, genre  era=axial-age genre=scripture-revealed
  [ok] sn8-vangisa: era, genre  era=axial-age genre=scripture-revealed
  [ok] katha-upanishad: era, genre  era=axial-age genre=philosophy-doctrine
  [ok] sblgnt-philippians: era, genre, tags  era=classical-antiquity genre=scripture-revealed
  [ok] tao-te-ching: era, genre, tags  era=axial-age genre=scripture-revealed
  [ok] sblgnt-1-timothy: era, genre, tags  era=classical-antiquity genre=scripture-revealed
  [ok] sblgnt-james: era, genre, tags  era=classical-antiquity genre=scripture-revealed
  [ok] sblgnt-1-peter: era, genre, tags  era=classical-antiquity genre=scripture-revealed
  [ok] ruth: era, genre, tags  era=axial-age genre=hagiography-history
  [ok] zhouyi-cantong-qi: era, genre, tags  era=classical-antiquity genre=philosophy-doctrine
  [ok] song-of-songs: era, genre, tags  era=axial-age genre=scripture-revealed
  [ok] sblgnt-1-john: era, genre, tags  era=classical-antiquity genre=scripture-revealed
  [ok] vaisheshika-sutra-kanada: era, genre, tags  era=classical-antiquity genre=philosophy-doctrine
  [ok] micah: era, genre, tags  era=axial-age genre=prophecy-apocalypse
  [ok] samkhya-karika-ishvarakrshna: era, genre, tags  era=classical-antiquity genre=philosophy-doctrine
  [ok] sblgnt-galatians: era, genre, tags  era=classical-antiquity genre=scripture-revealed
  [ok] isha-upanishad: era, genre, tags  era=axial-age genre=scripture-revealed
  [git] committed 25 paths (+50 done)
  [git] pushed
  [ok] brahma-sutra: era, genre, tags  era=classical-antiquity genre=philosophy-doctrine
  [ok] lamentations: era, genre, tags  era=axial-age genre=scripture-revealed
  [ok] contemplation-sutra: era, genre, tags  era=classical-antiquity genre=scripture-revealed
  [ok] sblgnt-ephesians: era, genre, tags  era=classical-antiquity genre=scripture-revealed
  [ok] amos: era, genre, tags  era=axial-age genre=prophecy-apocalypse
  [ok] sn2-devaputta: era, genre, tags  era=axial-age genre=scripture-revealed
  [ok] awakening-of-faith: era, genre, tags  era=classical-antiquity genre=commentary
  [ok] sn6-brahma: era, genre, tags  era=axial-age genre=scripture-revealed
  [ok] sn11-sakka: era, genre, tags  era=axial-age genre=scripture-revealed
  [ok] sn4-mara: era, genre, tags  era=axial-age genre=scripture-revealed
  [ok] sn7-brahmana: era, genre, tags  era=axial-age genre=scripture-revealed
  [ok] hosea: era, genre, tags  era=axial-age genre=prophecy-apocalypse
  [ok] perfect-enlightenment-sutra: era, genre, tags  era=classical-antiquity genre=scripture-revealed
  [ok] ecclesiastes: era, genre, tags  era=axial-age genre=wisdom-aphorism
  [ok] nyaya-sutra-gautama: era, genre, tags  era=axial-age genre=philosophy-doctrine
  [ok] sblgnt-2-corinthians: era, genre, tags  era=classical-antiquity genre=scripture-revealed
  [ok] zechariah: era, genre, tags  era=axial-age genre=prophecy-apocalypse
  [ok] esther: era, genre, tags  era=axial-age genre=scripture-revealed
  [ok] samkhya-sutra-kapila: era, genre, tags  era=medieval genre=philosophy-doctrine
  [ok] sn1-devata: era, genre, tags  era=axial-age genre=scripture-revealed
  [ok] dhammapada: era, genre, tags  era=axial-age genre=wisdom-aphorism
  [ok] aitareya-upanishad: era, genre, tags  era=axial-age genre=scripture-revealed
  [ok] ksitigarbha-sutra: era, genre, tags  era=medieval genre=scripture-revealed
  [ok] sblgnt-hebrews: era, genre, tags  era=classical-antiquity genre=scripture-revealed
  [ok] sn3-kosala: era, genre, tags  era=axial-age genre=scripture-revealed
  [git] committed 25 paths (+75 done)
  [git] pushed
  [ok] analects: era, genre, tags  era=axial-age genre=wisdom-aphorism
  [ok] infinite-life-sutra: era, genre, tags  era=classical-antiquity genre=scripture-revealed
  [ok] ezra: era, genre, tags  era=axial-age genre=hagiography-history
  [ok] prashna-upanishad: era, genre, tags  era=axial-age genre=commentary
  [ok] sblgnt-1-corinthians: era, genre, tags  era=classical-antiquity genre=scripture-revealed
  [ok] sblgnt-romans: era, genre, tags  era=classical-antiquity genre=scripture-revealed
  [fail-parse] bhagavad-gita
  [ok] an1-ones: era, genre, tags  era=axial-age genre=scripture-revealed
  [ok] sn47-satipatthana: era, genre, tags  era=axial-age genre=scripture-revealed
  [ok] an11-elevens: era, genre, tags  era=axial-age genre=scripture-revealed
  [ok] an2-twos: era, genre, tags  era=axial-age genre=scripture-revealed
  [ok] nehemiah: era, genre, tags  era=axial-age genre=hagiography-history
  [ok] mahayanasamgraha: era, genre, tags  era=classical-antiquity genre=commentary
  [ok] vimalakirti-sutra: era, genre, tags  era=classical-antiquity genre=scripture-revealed
  [ok] sn56-sacca: era, genre, tags  era=axial-age genre=scripture-revealed
  [ok] daniel: era, genre, tags  era=axial-age genre=prophecy-apocalypse
  [ok] liezi: era, genre, tags  era=classical-antiquity genre=philosophy-doctrine
  [ok] sblgnt-revelation: era, genre, tags  era=classical-antiquity genre=prophecy-apocalypse
  [ok] taiping-jing: era, genre, tags  era=classical-antiquity genre=scripture-revealed
  [ok] proverbs: era, genre, tags  era=axial-age genre=wisdom-aphorism
  [ok] sn45-magga: era, genre, tags  era=classical-antiquity genre=scripture-revealed
  [ok] sn46-bojjhanga: era, genre, tags  era=classical-antiquity genre=scripture-revealed
  [ok] mengzi: era, genre, tags  era=axial-age genre=philosophy-doctrine
  [ok] sblgnt-mark: era, genre, tags  era=classical-antiquity genre=scripture-revealed
  [ok] wenzi: era, genre, tags  era=axial-age genre=philosophy-doctrine
  [ok] job: era, genre, tags  era=axial-age genre=wisdom-aphorism
  [git] committed 25 paths (+100 done)
  [git] pushed
  [ok] brihadaranyaka-upanishad: era, genre, tags  era=axial-age genre=scripture-revealed
  [ok] shang-shu: era, genre, tags  era=bronze-age genre=scripture-revealed
  [ok] taittiriya-upanishad: era, genre, tags  era=axial-age genre=scripture-revealed
  [ok] mimamsa-sutra-jaimini: era, genre, tags  era=axial-age genre=philosophy-doctrine
  [ok] judges: era, genre, tags  era=axial-age genre=scripture-revealed
  [ok] sblgnt-john: era, genre, tags  era=classical-antiquity genre=scripture-revealed
  [ok] joshua: era, genre, tags  era=axial-age genre=scripture-revealed
  [ok] mandukya-upanishad: era, genre, tags  era=classical-antiquity genre=commentary
  [ok] book-of-changes: era, genre, tags  era=axial-age genre=scripture-revealed
  [ok] an9-nines: era, genre, tags  era=axial-age genre=scripture-revealed
  [ok] diamond-mulamadhyamaka: era, genre, tags  era=classical-antiquity genre=commentary
  [ok] samuel-2: era, genre, tags  era=axial-age genre=scripture-revealed
  [ok] book-of-poetry: era, genre, tags  era=axial-age genre=scripture-revealed
  [ok] chronicles-1: era, genre, tags  era=axial-age genre=hagiography-history
  [ok] sutta-nipata: era, genre, tags  era=axial-age genre=scripture-revealed
  [ok] leviticus: era, genre, tags  era=axial-age genre=law-code
  [ok] kings-2: era, genre, tags  era=axial-age genre=hagiography-history
  [ok] sblgnt-matthew: era, genre, tags  era=classical-antiquity genre=scripture-revealed
  [ok] sn12-nidana: era, genre, tags  era=axial-age genre=scripture-revealed
  [ok] kings-1: era, genre, tags  era=axial-age genre=scripture-revealed
  [ok] an7-sevens: era, genre, tags  era=classical-antiquity genre=scripture-revealed
  [ok] samuel-1: era, genre, tags  era=axial-age genre=hagiography-history
  [ok] sblgnt-acts: era, genre, tags  era=classical-antiquity genre=scripture-revealed
  [ok] shurangama-sutra: era, genre, tags  era=medieval genre=scripture-revealed
  [ok] sblgnt-luke: era, genre, tags  era=classical-antiquity genre=scripture-revealed
  [git] committed 25 paths (+125 done)
  [git] pushed
  [ok] zhuangzi: era, genre, tags  era=axial-age genre=philosophy-doctrine
  [ok] chronicles-2: era, genre, tags  era=axial-age genre=hagiography-history
  [ok] samaveda: era, genre, tags  era=bronze-age genre=hymn-liturgy
  [ok] deuteronomy: era, genre, tags  era=axial-age genre=scripture-revealed
  [ok] numbers: era, genre, tags  era=bronze-age genre=law-code
  [ok] an6-sixes: era, genre, tags  era=axial-age genre=scripture-revealed
  [ok] exodus: era, genre, tags  era=bronze-age genre=scripture-revealed
  [ok] vijnaptimatratasiddhi: era, genre, tags  era=medieval genre=commentary
  [ok] isaiah: era, genre, tags  era=axial-age genre=prophecy-apocalypse
  [ok] an8-eights: era, genre, tags  era=axial-age genre=scripture-revealed
  [ok] sn22-khandha: era, genre, tags  era=axial-age genre=scripture-revealed
  [ok] ezekiel: era, genre, tags  era=axial-age genre=prophecy-apocalypse
  [ok] lotus-sutra: era, genre, tags  era=classical-antiquity genre=scripture-revealed
  [ok] genesis: era, genre, tags  era=axial-age genre=scripture-revealed
  [ok] psalms: era, genre, tags  era=axial-age genre=hymn-liturgy
  [ok] sn35-salayatana: era, genre, tags  era=axial-age genre=scripture-revealed
  [ok] jeremiah: era, genre, tags  era=axial-age genre=prophecy-apocalypse
  [ok] liji: era, genre, tags  era=axial-age genre=scripture-revealed
  [ok] an3-threes: era, genre, tags  era=axial-age genre=scripture-revealed
  [ok] manu-smrti: era, genre, tags  era=classical-antiquity genre=law-code
  [ok] an5-fives: era, genre, tags  era=axial-age genre=scripture-revealed
  [ok] huainanzi: era, genre, tags  era=classical-antiquity genre=philosophy-doctrine
  [ok] an10-tens: era, genre, tags  era=axial-age genre=scripture-revealed
  [ok] an4-fours: era, genre, tags  era=axial-age genre=scripture-revealed
  [ok] huangdi-neijing: era, genre, tags  era=classical-antiquity genre=scripture-revealed
  [git] committed 25 paths (+150 done)
  [git] pushed
  [ok] baopuzi: era, genre, tags  era=classical-antiquity genre=philosophy-doctrine
  [ok] chandogya-upanishad: era, genre, tags  era=axial-age genre=scripture-revealed
  [ok] abhidharmakosa: era, genre, tags  era=classical-antiquity genre=commentary
  [ok] dirghagama: era, genre, tags  era=axial-age genre=scripture-revealed
  [ok] kn-milindapanha: era, genre, tags  era=axial-age genre=scripture-revealed
  [ok] kn-jataka: era, genre, tags  era=axial-age genre=scripture-revealed
  [ok] chun-qiu-zuo-zhuan: era, genre, tags  era=axial-age genre=commentary
  [ok] atharvaveda-saunaka: era, genre, tags  era=bronze-age genre=scripture-revealed
  [ok] maitrayani-samhita: era, genre, tags  era=bronze-age genre=hymn-liturgy
  [ok] mahaparinirvana-sutra-northern: era, genre, tags  era=classical-antiquity genre=scripture-revealed
  [ok] quran: era, genre, tags  era=medieval genre=scripture-revealed
  [ok] ekottarikagama: era, genre, tags  era=classical-antiquity genre=scripture-revealed
  [ok] digha-nikaya: era, genre, tags  era=axial-age genre=scripture-revealed
  [ok] rigveda: era, genre, tags  era=bronze-age genre=hymn-liturgy
  [ok] shatapatha-brahmana-1: era, genre, tags  era=axial-age genre=commentary
  [ok] samyuktagama: era, genre, tags  era=axial-age genre=scripture-revealed
  [ok] madhyamagama: era, genre, tags  era=classical-antiquity genre=scripture-revealed
  [ok] bhagavata-purana: era, genre, tags  era=medieval genre=scripture-revealed
  [ok] valmiki-ramayana: era, genre, tags  era=axial-age genre=epic-myth
  [ok] avatamsaka-sutra: era, genre, tags  era=classical-antiquity genre=scripture-revealed
  [ok] majjhima-nikaya: era, genre, tags  era=axial-age genre=scripture-revealed
  [ok] yogacarabhumi: era, genre, tags  era=classical-antiquity genre=commentary
  [ok] mahaprajnaparamita-shastra: era, genre, tags  era=classical-antiquity genre=commentary
  [ok] vulgate-2-john: era, genre, tags, is_original  era=classical-antiquity genre=scripture-revealed
  [ok] bible-2-john: era, genre, tags  era=classical-antiquity genre=scripture-revealed
  [git] committed 25 paths (+175 done)
  [git] pushed
  [ok] vulgate-3-john: era, genre, tags, is_original  era=classical-antiquity genre=scripture-revealed
  [ok] bible-3-john: era, genre, tags  era=classical-antiquity genre=scripture-revealed
  [ok] vulgate-philemon: era, genre, tags, is_original  era=classical-antiquity genre=scripture-revealed
  [ok] bible-philemon: era, genre, tags  era=classical-antiquity genre=scripture-revealed
  [ok] bible-obadiah: era, genre, tags  era=axial-age genre=prophecy-apocalypse
  [ok] vulgate-obadiah: era, genre, tags, is_original  era=axial-age genre=prophecy-apocalypse
  [ok] bible-jude: era, genre, tags  era=classical-antiquity genre=scripture-revealed
  [ok] vulgate-jude: era, genre, tags, is_original  era=classical-antiquity genre=scripture-revealed
  [ok] bible-haggai: era, genre, tags  era=axial-age genre=prophecy-apocalypse
  [ok] vulgate-titus: era, genre, tags, is_original  era=classical-antiquity genre=scripture-revealed
  [ok] bible-titus: era, genre, tags  era=classical-antiquity genre=scripture-revealed
  [ok] vulgate-2-thessalonians: era, genre, tags, is_original  era=classical-antiquity genre=scripture-revealed
  [ok] bible-2-thessalonians: era, genre, tags  era=classical-antiquity genre=scripture-revealed
  [ok] bible-jonah: era, genre, tags  era=axial-age genre=prophecy-apocalypse
  [ok] bible-nahum: era, genre, tags  era=axial-age genre=prophecy-apocalypse
  [ok] vulgate-haggai: era, genre, tags, is_original  era=axial-age genre=prophecy-apocalypse
  [ok] vulgate-nahum: era, genre, tags, is_original  era=axial-age genre=prophecy-apocalypse
  [ok] vulgate-jonah: era, genre, tags, is_original  era=axial-age genre=prophecy-apocalypse
  [ok] bible-habakkuk: era, genre, tags  era=axial-age genre=prophecy-apocalypse
  [ok] bible-zephaniah: era, genre, tags  era=axial-age genre=prophecy-apocalypse
  [ok] vulgate-habakkuk: era, genre, tags, is_original  era=axial-age genre=prophecy-apocalypse
  [ok] bible-2-peter: era, genre, tags  era=classical-antiquity genre=scripture-revealed
  [ok] vulgate-zephaniah: era, genre, tags, is_original  era=axial-age genre=prophecy-apocalypse
  [ok] vulgate-2-peter: era, genre, tags, is_original  era=classical-antiquity genre=scripture-revealed
  [ok] vulgate-2-timothy: era, genre, tags, is_original  era=classical-antiquity genre=scripture-revealed
  [git] committed 25 paths (+200 done)
  [git] pushed
  [ok] vulgate-malachi: era, genre, tags, is_original  era=axial-age genre=prophecy-apocalypse
  [ok] bible-malachi: era, genre, tags  era=axial-age genre=prophecy-apocalypse
  [ok] bible-joel: era, genre, tags  era=axial-age genre=prophecy-apocalypse
  [ok] bible-2-timothy: era, genre, tags  era=classical-antiquity genre=scripture-revealed
  [ok] bible-1-thessalonians: era, genre, tags  era=classical-antiquity genre=scripture-revealed
  [ok] vulgate-joel: era, genre, tags, is_original  era=axial-age genre=prophecy-apocalypse
  [ok] vulgate-1-thessalonians: era, genre, tags, is_original  era=classical-antiquity genre=scripture-revealed
  [ok] vulgate-colossians: era, genre, tags, is_original  era=classical-antiquity genre=scripture-revealed
  [ok] bible-colossians: era, genre, tags  era=classical-antiquity genre=scripture-revealed
  [ok] bible-ruth: era, genre, tags  era=axial-age genre=scripture-revealed
  [ok] vulgate-philippians: era, genre, tags, is_original  era=classical-antiquity genre=scripture-revealed
  [ok] bible-philippians: era, genre, tags  era=classical-antiquity genre=scripture-revealed
  [ok] bible-james: era, genre, tags  era=classical-antiquity genre=scripture-revealed
  [ok] bible-1-timothy: era, genre, tags  era=classical-antiquity genre=scripture-revealed
  [ok] vulgate-1-timothy: era, genre, tags, is_original  era=classical-antiquity genre=scripture-revealed
  [ok] vulgate-james: era, genre, tags, is_original  era=classical-antiquity genre=scripture-revealed
  [ok] bible-1-john: era, genre, tags  era=classical-antiquity genre=scripture-revealed
  [ok] vulgate-1-john: era, genre, tags, is_original  era=classical-antiquity genre=scripture-revealed
  [ok] vulgate-ruth: era, genre, tags, is_original  era=axial-age genre=scripture-revealed
  [ok] vulgate-1-peter: era, genre, tags, is_original  era=classical-antiquity genre=scripture-revealed
  [ok] bible-1-peter: era, genre, tags  era=classical-antiquity genre=scripture-revealed
  [ok] vulgate-song-of-songs: era, genre, tags, is_original  era=axial-age genre=scripture-revealed
  [ok] bible-micah: era, genre, tags  era=axial-age genre=prophecy-apocalypse
  [ok] vulgate-micah: era, genre, tags, is_original  era=axial-age genre=prophecy-apocalypse
  [ok] bible-ephesians: era, genre, tags  era=classical-antiquity genre=scripture-revealed
  [git] committed 25 paths (+225 done)
  [git] pushed
  [ok] vulgate-galatians: era, genre, tags, is_original  era=classical-antiquity genre=scripture-revealed
  [ok] bible-lamentations: era, genre, tags  era=axial-age genre=scripture-revealed
  [ok] vulgate-ephesians: era, genre, tags, is_original  era=classical-antiquity genre=scripture-revealed
  [ok] bible-galatians: era, genre, tags  era=classical-antiquity genre=scripture-revealed
  [ok] bible-amos: era, genre, tags  era=axial-age genre=prophecy-apocalypse
  [ok] vulgate-lamentations: era, genre, tags, is_original  era=axial-age genre=scripture-revealed
  [ok] vulgate-amos: era, genre, tags, is_original  era=axial-age genre=prophecy-apocalypse
  [ok] bible-esther: era, genre, tags  era=axial-age genre=hagiography-history
  [ok] bible-ecclesiastes: era, genre, tags  era=axial-age genre=wisdom-aphorism
  [ok] bible-hosea: era, genre, tags  era=axial-age genre=prophecy-apocalypse
  [ok] vulgate-hosea: era, genre, tags, is_original  era=axial-age genre=prophecy-apocalypse
  [ok] vulgate-ecclesiastes: era, genre, tags, is_original  era=axial-age genre=wisdom-aphorism
  [ok] bible-zechariah: era, genre, tags  era=axial-age genre=prophecy-apocalypse
  [ok] vulgate-zechariah: era, genre, tags, is_original  era=axial-age genre=prophecy-apocalypse
  [ok] bible-2-corinthians: era, genre, tags  era=classical-antiquity genre=scripture-revealed
  [ok] vulgate-2-corinthians: era, genre, tags, is_original  era=classical-antiquity genre=scripture-revealed
  [ok] bible-ezra: era, genre, tags  era=classical-antiquity genre=hagiography-history
  [ok] vulgate-hebrews: era, genre, tags, is_original  era=classical-antiquity genre=scripture-revealed
  [ok] bible-hebrews: era, genre, tags  era=classical-antiquity genre=scripture-revealed
  [ok] vulgate-ezra: era, genre, tags, is_original  era=axial-age genre=scripture-revealed
  [ok] vulgate-esther: era, genre, tags, is_original  era=classical-antiquity genre=scripture-revealed
  [ok] vulgate-1-corinthians: era, genre, tags, is_original  era=classical-antiquity genre=scripture-revealed
  [ok] bible-1-corinthians: era, genre, tags  era=classical-antiquity genre=scripture-revealed
  [ok] bible-daniel: era, genre, tags  era=axial-age genre=scripture-revealed
  [ok] vulgate-romans: era, genre, tags, is_original  era=classical-antiquity genre=scripture-revealed
  [git] committed 25 paths (+250 done)
  [git] pushed
  [ok] bible-nehemiah: era, genre, tags  era=axial-age genre=scripture-revealed
  [ok] bible-romans: era, genre, tags  era=classical-antiquity genre=scripture-revealed
  [ok] bible-revelation: era, genre, tags  era=classical-antiquity genre=prophecy-apocalypse
  [ok] vulgate-nehemiah: era, genre, tags, is_original  era=axial-age genre=scripture-revealed
  [ok] vulgate-revelation: era, genre, tags, is_original  era=classical-antiquity genre=prophecy-apocalypse
  [ok] burden-of-isis: era, genre, tags  era=bronze-age genre=hymn-liturgy
  [ok] bible-proverbs: era, genre, tags  era=axial-age genre=wisdom-aphorism
  [ok] bible-mark: era, genre, tags  era=classical-antiquity genre=scripture-revealed
  [ok] ife-mythology: era, genre, tags  era=undated-traditional genre=folk-ethnography
  [ok] vulgate-mark: era, genre, tags, is_original  era=classical-antiquity genre=scripture-revealed
  [ok] vulgate-proverbs: era, genre, tags, is_original  era=axial-age genre=wisdom-aphorism
  [ok] vulgate-daniel: era, genre, tags, is_original  era=axial-age genre=prophecy-apocalypse
  [ok] bible-judges: era, genre, tags  era=axial-age genre=scripture-revealed
  [ok] bible-job: era, genre, tags  era=axial-age genre=wisdom-aphorism
  [ok] bible-joshua: era, genre, tags  era=axial-age genre=scripture-revealed
  [ok] bible-2-samuel: era, genre, tags  era=axial-age genre=hagiography-history
  [ok] vulgate-joshua: era, genre, tags, is_original  era=axial-age genre=scripture-revealed
  [ok] vulgate-job: era, genre, tags, is_original  era=axial-age genre=scripture-revealed
  [ok] bible-john: era, genre, tags  era=classical-antiquity genre=scripture-revealed
  [ok] vulgate-judges: era, genre, tags, is_original  era=axial-age genre=scripture-revealed
  [ok] vulgate-john: era, genre, tags, is_original  era=classical-antiquity genre=scripture-revealed
  [ok] bible-leviticus: era, genre, tags  era=bronze-age genre=law-code
  [ok] bible-2-kings: era, genre, tags  era=axial-age genre=scripture-revealed
  [ok] bible-1-chronicles: era, genre, tags  era=axial-age genre=hagiography-history
  [ok] bible-1-kings: era, genre, tags  era=axial-age genre=scripture-revealed
  [git] committed 25 paths (+275 done)
  [git] pushed
  [ok] vulgate-leviticus: era, genre, tags, is_original  era=axial-age genre=law-code
  [ok] vulgate-2-samuel: era, genre, tags, is_original  era=axial-age genre=scripture-revealed
  [ok] vulgate-1-chronicles: era, genre, tags, is_original  era=classical-antiquity genre=scripture-revealed
  [ok] bible-song-of-songs: era, genre, tags  era=axial-age genre=scripture-revealed
  [ok] bible-1-samuel: era, genre, tags  era=axial-age genre=scripture-revealed
  [ok] inca-rites: era, genre, tags  era=undated-traditional genre=epic-myth
  [ok] aztec-rva: era, genre, tags  era=undated-traditional genre=hymn-liturgy
  [ok] bible-2-chronicles: era, genre, tags  era=axial-age genre=scripture-revealed
  [ok] bible-matthew: era, genre, tags  era=classical-antiquity genre=scripture-revealed
  [ok] bible-acts: era, genre, tags  era=classical-antiquity genre=scripture-revealed
  [ok] vulgate-2-kings: era, genre, tags, is_original  era=axial-age genre=scripture-revealed
  [ok] bible-deuteronomy: era, genre, tags  era=axial-age genre=law-code
  [ok] bible-luke: era, genre, tags  era=classical-antiquity genre=scripture-revealed
  [ok] vulgate-matthew: era, genre, tags, is_original  era=classical-antiquity genre=scripture-revealed
  [ok] code-of-hammurabi-st: era, genre, tags  era=bronze-age genre=law-code
  [ok] vulgate-1-kings: era, genre, tags, is_original  era=axial-age genre=scripture-revealed
  [ok] vulgate-acts: era, genre, tags, is_original  era=classical-antiquity genre=scripture-revealed
  [ok] vulgate-1-samuel: era, genre, tags, is_original  era=axial-age genre=scripture-revealed
  [ok] vulgate-luke: era, genre, tags, is_original  era=classical-antiquity genre=scripture-revealed
  [ok] vulgate-deuteronomy: era, genre, tags, is_original  era=axial-age genre=law-code
  [ok] bible-exodus: era, genre, tags  era=axial-age genre=scripture-revealed
  [ok] vulgate-2-chronicles: era, genre, tags, is_original  era=axial-age genre=hagiography-history
  [ok] bible-numbers: era, genre, tags  era=bronze-age genre=scripture-revealed
  [ok] epic-of-gilgamesh-st: era, genre, tags  era=bronze-age genre=epic-myth
  [ok] vulgate-numbers: era, genre, tags, is_original  era=bronze-age genre=scripture-revealed
  [git] committed 25 paths (+300 done)
  [git] pushed
  [ok] vulgate-exodus: era, genre, tags, is_original  era=bronze-age genre=scripture-revealed
  [ok] pearl-of-great-price: era, genre, tags  era=modern genre=scripture-revealed
  [ok] book-of-am-tuat: era, genre, tags  era=bronze-age genre=scripture-revealed
  [ok] splendour-of-god: era, genre, tags  era=modern genre=scripture-revealed
  [ok] bible-ezekiel: era, genre, tags  era=axial-age genre=prophecy-apocalypse
  [ok] bible-isaiah: era, genre, tags  era=axial-age genre=prophecy-apocalypse
  [ok] bible-genesis: era, genre, tags  era=axial-age genre=scripture-revealed
  [ok] vulgate-isaiah: era, genre, tags, is_original  era=axial-age genre=prophecy-apocalypse
  [ok] vulgate-genesis: era, genre, tags, is_original  era=axial-age genre=scripture-revealed
  [ok] bible-jeremiah: era, genre, tags  era=axial-age genre=prophecy-apocalypse
  [ok] vulgate-ezekiel: era, genre, tags, is_original  era=axial-age genre=prophecy-apocalypse
  [ok] book-of-gates: era, genre, tags  era=bronze-age genre=incantation-magic
  [ok] vulgate-jeremiah: era, genre, tags, is_original  era=axial-age genre=prophecy-apocalypse
  [ok] mishkat-al-anwar: era, genre, tags  era=medieval genre=philosophy-doctrine
  [ok] vulgate-psalms: era, genre, tags, is_original  era=axial-age genre=hymn-liturgy
  [ok] tale-of-igor-campaign: era, genre, tags  era=medieval genre=epic-myth
  [ok] enuma-elish-stc: era, genre, tags  era=bronze-age genre=epic-myth
  [ok] liturgy-funerary-offerings: era, genre, tags  era=bronze-age genre=hymn-liturgy
  [ok] hesiod-works: era, genre, tags  era=axial-age genre=epic-myth
  [ok] egyptian-heaven-and-hell: era, genre, tags  era=bronze-age genre=scripture-revealed
  [ok] volsunga-saga: era, genre, tags  era=medieval genre=epic-myth
  [ok] legends-of-the-gods-egypt: era, genre, tags  era=bronze-age genre=epic-myth
  [ok] poetic-edda-bellows: era, genre, tags  era=medieval genre=epic-myth
  [ok] yoruba-religion: era, genre, tags  era=modern genre=folk-ethnography
  [ok] carmina-gadelica-1: era, genre, tags  era=undated-traditional genre=hymn-liturgy
  [git] committed 25 paths (+325 done)
  [git] pushed
  [ok] denkard-bk-5: era, genre, tags  era=medieval genre=hagiography-history
  [ok] sibylline-oracles: era, genre, tags  era=classical-antiquity genre=prophecy-apocalypse
  [ok] kitab-al-khazari: era, genre, tags  era=medieval genre=philosophy-doctrine
  [ok] yucatan-before-after-conquest: era, genre, tags  era=early-modern genre=folk-ethnography
  [ok] chilam-balam: era, genre, tags  era=early-modern genre=prophecy-apocalypse
  [ok] pyramid-texts-mercer: era, genre, tags  era=bronze-age genre=scripture-revealed
  [ok] masnavi-rumi-st: era, genre, tags  era=medieval genre=wisdom-aphorism
  [ok] thrice-greatest-hermes-2: era, genre, tags  era=classical-antiquity genre=scripture-revealed
  [ok] carmina-gadelica-2: era, genre, tags  era=undated-traditional genre=incantation-magic
  [ok] avesta-sbe04: era, genre, tags  era=axial-age genre=law-code
  [ok] homer-odyssey-st: era, genre, tags  era=axial-age genre=epic-myth
  [ok] jain-sbe22: era, genre, tags  era=axial-age genre=scripture-revealed
  [ok] kabbalah-unveiled: era, genre, tags  era=medieval genre=scripture-revealed
  [ok] odyssey-butler: era, genre, tags  era=axial-age genre=epic-myth
  [ok] thrice-greatest-hermes-3: era, genre, tags  era=classical-antiquity genre=philosophy-doctrine
  [ok] songs-of-russian-people: era, genre, tags  era=modern genre=folk-ethnography
  [ok] cuchulain-muirthemne: era, genre, tags  era=undated-traditional genre=epic-myth
  [ok] denkard-3-bahman-yasht: era, genre, tags  era=medieval genre=wisdom-aphorism
  [ok] iliad-butler: era, genre, tags  era=axial-age genre=epic-myth
  [ok] homer-iliad-pope: era, genre, tags  era=axial-age genre=epic-myth
  [ok] jain-sbe45: era, genre, tags  era=axial-age genre=scripture-revealed
  [ok] talmud-rodkinson: era, genre, tags  era=classical-antiquity genre=commentary
  [ok] avesta-sbe31: era, genre, tags  era=axial-age genre=scripture-revealed
  [ok] sikh-religion-macauliffe: era, genre, tags  era=early-modern genre=hagiography-history
  [ok] thrice-greatest-hermes-1: era, genre, tags  era=classical-antiquity genre=scripture-revealed
  [git] committed 25 paths (+350 done)
  [git] pushed
  [ok] quran-pickthall: era, genre, tags  era=medieval genre=scripture-revealed
  [ok] dadestan-i-denig: era, genre, tags  era=medieval genre=law-code
  [ok] avesta-sbe23: era, genre, tags  era=classical-antiquity genre=hymn-liturgy
  [ok] denkard-bk-7-8: era, genre, tags  era=medieval genre=commentary
  [ok] mabinogion-st: era, genre, tags  era=medieval genre=epic-myth
  [ok] egyptian-book-of-dead: era, genre, tags  era=bronze-age genre=scripture-revealed
  [ok] bundahishn: era, genre, tags  era=medieval genre=commentary
  [ok] fragments-of-faith-forgotten: era, genre, tags  era=modern genre=commentary
  [ok] virgil-aeneid: era, genre, tags  era=classical-antiquity genre=epic-myth
  [ok] gnostics-and-their-remains: era, genre, tags  era=modern genre=commentary
  [ok] kojiki-chamberlain: era, genre, tags  era=medieval genre=epic-myth
  [ok] ovid-metamorphoses: era, genre, tags  era=classical-antiquity genre=epic-myth
  [ok] book-of-mormon-1830: era, genre, tags  era=modern genre=scripture-revealed
  [ok] guide-for-the-perplexed-st: era, genre, tags  era=medieval genre=philosophy-doctrine
  [ok] plotinus-enneads: era, genre, tags  era=classical-antiquity genre=philosophy-doctrine
  [ok] heimskringla: era, genre, tags  era=medieval genre=hagiography-history
  [ok] plato-works: era, genre, tags  era=axial-age genre=philosophy-doctrine
  [ok] homer-greek: era, genre, tags  era=axial-age genre=epic-myth
  [ok] legends-of-the-jews: era, genre, tags  era=modern genre=folk-ethnography
  [ok] mahabharata-ganguli: era, genre, tags  era=classical-antiquity genre=epic-myth
  [ok] homeric-hymns-st: era, genre, tags  era=axial-age genre=hagiography-history
  [ok] guru-granth-sahib-st: era, genre, tags  era=early-modern genre=scripture-revealed
  [ok] josephus-works: era, genre, tags  era=classical-antiquity genre=hagiography-history
  [ok] bible-psalms: era, genre, tags  era=axial-age genre=hymn-liturgy
  [git] committed 24 paths (+374 done)
  [git] pushed

[summary] done=374 skipped=2 failed=1
