[fetch] /api/index
[books] 1727 discovered
  [book] Berakhot
  [polite-pause] 30s break after 100 requests
  [ok] sefaria-berakhot: 1 chapters, 5418 bytes
  [book] Shabbat
  [polite-pause] 30s break after 200 requests
  [polite-pause] 30s break after 300 requests
  [polite-pause] 30s break after 400 requests
  [empty] Shabbat: 
  [book] Eruvin
  [polite-pause] 30s break after 500 requests
  [polite-pause] 30s break after 600 requests
  [ok] sefaria-eruvin: 1 chapters, 4123 bytes
  [book] Pesachim
  [polite-pause] 30s break after 700 requests
  [polite-pause] 30s break after 800 requests
  [empty] Pesachim: 
  [book] Rosh Hashanah
  [polite-pause] 30s break after 900 requests
  [ok] sefaria-rosh-hashanah: 1 chapters, 4294 bytes
  [book] Yoma
  [polite-pause] 30s break after 1000 requests
  [polite-pause] 30s break after 1100 requests
  [ok] sefaria-yoma: 1 chapters, 3978 bytes
  [book] Sukkah
  [polite-pause] 30s break after 1200 requests
  [empty] Sukkah: 
  [book] Beitzah
  [polite-pause] 30s break after 1300 requests
  [empty] Beitzah: 
  [book] Taanit
  [ok] sefaria-taanit: 1 chapters, 3988 bytes
  [book] Megillah
  [polite-pause] 30s break after 1400 requests
  [ok] sefaria-megillah: 1 chapters, 5863 bytes
  [book] Moed Katan
  [polite-pause] 30s break after 1500 requests
  [ok] sefaria-moed-katan: 1 chapters, 2108 bytes
  [book] Chagigah
  [ok] sefaria-chagigah: 1 chapters, 3412 bytes
  [book] Yevamot
  [polite-pause] 30s break after 1600 requests
  [polite-pause] 30s break after 1700 requests
  [polite-pause] 30s break after 1800 requests
  [empty] Yevamot: 
  [book] Ketubot
  [polite-pause] 30s break after 1900 requests
  [polite-pause] 30s break after 2000 requests
  [empty] Ketubot: 
  [book] Nedarim
  [polite-pause] 30s break after 2100 requests
  [polite-pause] 30s break after 2200 requests
  [empty] Nedarim: 
  [book] Nazir
  [polite-pause] 30s break after 2300 requests
  [empty] Nazir: 
  [book] Sotah
  [polite-pause] 30s break after 2400 requests
  [empty] Sotah: 
  [book] Gittin
  [polite-pause] 30s break after 2500 requests
  [polite-pause] 30s break after 2600 requests
  [empty] Gittin: 
  [book] Kiddushin
  [polite-pause] 30s break after 2700 requests
  [empty] Kiddushin: 
  [book] Bava Kamma
  [polite-pause] 30s break after 2800 requests
  [polite-pause] 30s break after 2900 requests
  [polite-pause] 30s break after 3000 requests
  [empty] Bava Kamma: 
  [book] Bava Metzia
  [polite-pause] 30s break after 3100 requests
  [polite-pause] 30s break after 3200 requests
  [ok] sefaria-bava-metzia: 1 chapters, 2039 bytes
  [book] Bava Batra
  [polite-pause] 30s break after 3300 requests
  [polite-pause] 30s break after 3400 requests
  [polite-pause] 30s break after 3500 requests
  [polite-pause] 30s break after 3600 requests
  [rate-limit 503] sleep 10s
  [empty] Bava Batra: 
  [book] Sanhedrin
  [polite-pause] 30s break after 3700 requests
  [polite-pause] 30s break after 3800 requests
  [empty] Sanhedrin: 
  [book] Makkot
  [empty] Makkot: 
  [book] Shevuot
  [polite-pause] 30s break after 3900 requests
  [empty] Shevuot: 
  [book] Avodah Zarah
  [polite-pause] 30s break after 4000 requests
  [polite-pause] 30s break after 4100 requests
  [empty] Avodah Zarah: 
  [book] Horayot
  [ok] sefaria-horayot: 1 chapters, 3156 bytes
  [book] Zevachim
  [polite-pause] 30s break after 4200 requests
  [polite-pause] 30s break after 4300 requests
  [polite-pause] 30s break after 4400 requests
  [empty] Zevachim: 
  [book] Menachot
  [polite-pause] 30s break after 4500 requests
  [polite-pause] 30s break after 4600 requests
  [ok] sefaria-menachot: 1 chapters, 8816 bytes
  [book] Chullin
  [polite-pause] 30s break after 4700 requests
  [polite-pause] 30s break after 4800 requests
  [polite-pause] 30s break after 4900 requests
  [ok] sefaria-chullin: 1 chapters, 4761 bytes
  [book] Bekhorot
  [polite-pause] 30s break after 5000 requests
  [ok] sefaria-bekhorot: 1 chapters, 4258 bytes
  [book] Arakhin
  [ok] sefaria-arakhin: 1 chapters, 2844 bytes
  [book] Temurah
  [polite-pause] 30s break after 5100 requests
  [ok] sefaria-temurah: 1 chapters, 6272 bytes
  [book] Keritot
  [polite-pause] 30s break after 5200 requests
  [empty] Keritot: 
  [book] Meilah
  [ok] sefaria-meilah: 1 chapters, 988 bytes
  [book] Tamid
  [polite-pause] 30s break after 5300 requests
  [empty] Tamid: 
  [book] Niddah
  [polite-pause] 30s break after 5400 requests
  [ok] sefaria-niddah: 1 chapters, 4832 bytes
  [book] Avot DeRabbi Natan
  [polite-pause] 30s break after 5500 requests
  [ok] sefaria-avot-derabbi-natan: 41 chapters, 287260 bytes
  [book] Avot DeRabbi Natan, Recension B
  [ok] sefaria-avot-derabbi-natan-recension-b: 1 chapters, 13129 bytes
  [book] Tractate Avadim
  [ok] sefaria-tractate-avadim: 3 chapters, 7417 bytes
  [book] Tractate Derekh Eretz Rabbah
  [ok] sefaria-tractate-derekh-eretz-rabbah: 11 chapters, 46286 bytes
  [book] Tractate Derekh Eretz Zuta
  [ok] sefaria-tractate-derekh-eretz-zuta: 1 chapters, 4084 bytes
  [book] Tractate Gerim
  [ok] sefaria-tractate-gerim: 4 chapters, 10169 bytes
  [book] Tractate Kallah
  [ok] sefaria-tractate-kallah: 5 chapters, 18581 bytes
  [book] Tractate Kallah Rabbati
  [ok] sefaria-tractate-kallah-rabbati: 10 chapters, 140993 bytes
  [book] Tractate Kutim
  [ok] sefaria-tractate-kutim: 2 chapters, 5602 bytes
  [book] Tractate Mezuzah
  [ok] sefaria-tractate-mezuzah: 2 chapters, 4662 bytes
  [book] Tractate Sefer Torah
  [ok] sefaria-tractate-sefer-torah: 5 chapters, 14507 bytes
  [book] Tractate Semachot
  [ok] sefaria-tractate-semachot: 1 chapters, 3222 bytes
  [book] Tractate Soferim
  [ok] sefaria-tractate-soferim: 21 chapters, 106641 bytes
  [book] Tractate Tefillin
  [ok] sefaria-tractate-tefillin: 1 chapters, 8084 bytes
  [book] Tractate Tzitzit
  [ok] sefaria-tractate-tzitzit: 1 chapters, 2928 bytes
  [book] Darkhei HaTalmud
  [ok] sefaria-darkhei-hatalmud: 6 chapters, 88989 bytes
  [book] Introductions to Amoraic Literature
  [req-error attempt 1/5] sleep 10s: 400 Client Error: Bad Request for url: https://www.sefaria.org/api/texts/Introductions%20to%20Amoraic%20Literature%201?context=0
  [req-error attempt 2/5] sleep 20s: 400 Client Error: Bad Request for url: https://www.sefaria.org/api/texts/Introductions%20to%20Amoraic%20Literature%201?context=0
  [req-error attempt 3/5] sleep 40s: 400 Client Error: Bad Request for url: https://www.sefaria.org/api/texts/Introductions%20to%20Amoraic%20Literature%201?context=0
  [req-error attempt 4/5] sleep 80s: 400 Client Error: Bad Request for url: https://www.sefaria.org/api/texts/Introductions%20to%20Amoraic%20Literature%201?context=0
  [req-error attempt 5/5] sleep 160s: 400 Client Error: Bad Request for url: https://www.sefaria.org/api/texts/Introductions%20to%20Amoraic%20Literature%201?context=0
  [empty] Introductions to Amoraic Literature: 
  [book] Introductions to Tanaitic Literature
  [req-error attempt 1/5] sleep 10s: 400 Client Error: Bad Request for url: https://www.sefaria.org/api/texts/Introductions%20to%20Tanaitic%20Literature%201?context=0
  [req-error attempt 2/5] sleep 20s: 400 Client Error: Bad Request for url: https://www.sefaria.org/api/texts/Introductions%20to%20Tanaitic%20Literature%201?context=0
  [req-error attempt 3/5] sleep 40s: 400 Client Error: Bad Request for url: https://www.sefaria.org/api/texts/Introductions%20to%20Tanaitic%20Literature%201?context=0
  [req-error attempt 4/5] sleep 80s: 400 Client Error: Bad Request for url: https://www.sefaria.org/api/texts/Introductions%20to%20Tanaitic%20Literature%201?context=0
  [req-error attempt 5/5] sleep 160s: 400 Client Error: Bad Request for url: https://www.sefaria.org/api/texts/Introductions%20to%20Tanaitic%20Literature%201?context=0
  [empty] Introductions to Tanaitic Literature: 
  [book] Introductions to the Babylonian Talmud
  [req-error attempt 1/5] sleep 10s: 400 Client Error: Bad Request for url: https://www.sefaria.org/api/texts/Introductions%20to%20the%20Babylonian%20Talmud%201?context=0
  [req-error attempt 2/5] sleep 20s: 400 Client Error: Bad Request for url: https://www.sefaria.org/api/texts/Introductions%20to%20the%20Babylonian%20Talmud%201?context=0
  [req-error attempt 3/5] sleep 40s: 400 Client Error: Bad Request for url: https://www.sefaria.org/api/texts/Introductions%20to%20the%20Babylonian%20Talmud%201?context=0
  [req-error attempt 4/5] sleep 80s: 400 Client Error: Bad Request for url: https://www.sefaria.org/api/texts/Introductions%20to%20the%20Babylonian%20Talmud%201?context=0
  [req-error attempt 5/5] sleep 160s: 400 Client Error: Bad Request for url: https://www.sefaria.org/api/texts/Introductions%20to%20the%20Babylonian%20Talmud%201?context=0
  [empty] Introductions to the Babylonian Talmud: 
  [book] Mevo HaTalmud (Chajes)
  [ok] sefaria-mevo-hatalmud-chajes: 1 chapters, 17326 bytes
  [book] Rashi on Berakhot
  [polite-pause] 30s break after 5600 requests
  [polite-pause] 30s break after 5700 requests
  [ok] sefaria-rashi-on-berakhot: 1 chapters, 333 bytes
  [book] Rashi on Shabbat
  [polite-pause] 30s break after 5800 requests
  [polite-pause] 30s break after 5900 requests
  [polite-pause] 30s break after 6000 requests
  [empty] Rashi on Shabbat: 
  [book] Rashi on Eruvin
  [polite-pause] 30s break after 6100 requests
  [polite-pause] 30s break after 6200 requests
  [ok] sefaria-rashi-on-eruvin: 1 chapters, 915 bytes
  [book] Rashi on Pesachim
  [polite-pause] 30s break after 6300 requests
  [polite-pause] 30s break after 6400 requests
  [empty] Rashi on Pesachim: 
  [book] Rashi on Rosh Hashanah
  [polite-pause] 30s break after 6500 requests
  [ok] sefaria-rashi-on-rosh-hashanah: 1 chapters, 162 bytes
  [book] Rashi on Yoma
  [polite-pause] 30s break after 6600 requests
  [polite-pause] 30s break after 6700 requests
  [ok] sefaria-rashi-on-yoma: 1 chapters, 278 bytes
  [book] Rashi on Sukkah
  [polite-pause] 30s break after 6800 requests
  [empty] Rashi on Sukkah: 
  [book] Rashi on Beitzah
  [polite-pause] 30s break after 6900 requests
  [empty] Rashi on Beitzah: 
  [book] Rashi on Taanit
  [ok] sefaria-rashi-on-taanit: 1 chapters, 297 bytes
  [book] Rashi on Megillah
  [polite-pause] 30s break after 7000 requests
  [ok] sefaria-rashi-on-megillah: 1 chapters, 134 bytes
  [book] Rashi on Moed Katan
  [ok] sefaria-rashi-on-moed-katan: 1 chapters, 184 bytes
  [book] Rashi on Chagigah
  [polite-pause] 30s break after 7100 requests
  [ok] sefaria-rashi-on-chagigah: 1 chapters, 79 bytes
  [book] Rashi on Yevamot
  [polite-pause] 30s break after 7200 requests
  [polite-pause] 30s break after 7300 requests
  [empty] Rashi on Yevamot: 
  [book] Rashi on Ketubot
  [polite-pause] 30s break after 7400 requests
  [polite-pause] 30s break after 7500 requests
  [polite-pause] 30s break after 7600 requests
  [empty] Rashi on Ketubot: 
  [book] Rashi on Nedarim
  [polite-pause] 30s break after 7700 requests
  [polite-pause] 30s break after 7800 requests
  [empty] Rashi on Nedarim: 
  [book] Rashi on Nazir
  [polite-pause] 30s break after 7900 requests
  [empty] Rashi on Nazir: 
  [book] Rashi on Sotah
  [polite-pause] 30s break after 8000 requests
  [empty] Rashi on Sotah: 
  [book] Rashi on Gittin
  [polite-pause] 30s break after 8100 requests
  [polite-pause] 30s break after 8200 requests
  [empty] Rashi on Gittin: 
  [book] Rashi on Kiddushin
  [polite-pause] 30s break after 8300 requests
  [empty] Rashi on Kiddushin: 
  [book] Rashi on Bava Kamma
  [polite-pause] 30s break after 8400 requests
  [polite-pause] 30s break after 8500 requests
  [polite-pause] 30s break after 8600 requests
  [empty] Rashi on Bava Kamma: 
  [book] Rashi on Bava Metzia
  [polite-pause] 30s break after 8700 requests
  [polite-pause] 30s break after 8800 requests
  [ok] sefaria-rashi-on-bava-metzia: 1 chapters, 1095 bytes
  [book] Rashi on Bava Batra
  [polite-pause] 30s break after 8900 requests
  [polite-pause] 30s break after 9000 requests
  [req-error attempt 1/5] sleep 10s: HTTPSConnectionPool(host='www.sefaria.org', port=443): Read timed out. (read timeout=30)
  [req-error attempt 2/5] sleep 20s: HTTPSConnectionPool(host='www.sefaria.org', port=443): Read timed out. (read timeout=30)
  [polite-pause] 30s break after 9100 requests
  [polite-pause] 30s break after 9200 requests
  [empty] Rashi on Bava Batra: 
  [book] Rashi on Sanhedrin
  [polite-pause] 30s break after 9300 requests
  [polite-pause] 30s break after 9400 requests
  [empty] Rashi on Sanhedrin: 
  [book] Rashi on Makkot
  [empty] Rashi on Makkot: 
  [book] Rashi on Shevuot
  [polite-pause] 30s break after 9500 requests
  [empty] Rashi on Shevuot: 
  [book] Rashi on Avodah Zarah
  [polite-pause] 30s break after 9600 requests
  [polite-pause] 30s break after 9700 requests
  [empty] Rashi on Avodah Zarah: 
  [book] Rashi on Horayot
  [empty] Rashi on Horayot: 
  [book] Rashi on Zevachim
  [polite-pause] 30s break after 9800 requests
  [polite-pause] 30s break after 9900 requests
  [empty] Rashi on Zevachim: 
  [book] Rashi on Menachot
  [polite-pause] 30s break after 10000 requests
  [polite-pause] 30s break after 10100 requests
  [polite-pause] 30s break after 10200 requests
  [empty] Rashi on Menachot: 
  [book] Rashi on Chullin
  [polite-pause] 30s break after 10300 requests
  [polite-pause] 30s break after 10400 requests
  [ok] sefaria-rashi-on-chullin: 1 chapters, 655 bytes
  [book] Rashi on Bekhorot
  [polite-pause] 30s break after 10500 requests
  [polite-pause] 30s break after 10600 requests
  [empty] Rashi on Bekhorot: 
  [book] Rashi on Arakhin
  [ok] sefaria-rashi-on-arakhin: 1 chapters, 332 bytes
  [book] Rashi on Temurah
  [polite-pause] 30s break after 10700 requests
  [ok] sefaria-rashi-on-temurah: 1 chapters, 1265 bytes
  [book] Rashi on Keritot
  [polite-pause] 30s break after 10800 requests
  [empty] Rashi on Keritot: 
  [book] Rashi on Meilah
  [ok] sefaria-rashi-on-meilah: 1 chapters, 280 bytes
  [book] Rashi on Niddah
  [polite-pause] 30s break after 10900 requests
  [ok] sefaria-rashi-on-niddah: 1 chapters, 243 bytes
  [book] Rashbam on Pesachim
  [polite-pause] 30s break after 11000 requests
  [polite-pause] 30s break after 11100 requests
  [polite-pause] 30s break after 11200 requests
  [empty] Rashbam on Pesachim: 
  [book] Rashbam on Bava Batra
  [polite-pause] 30s break after 11300 requests
  [polite-pause] 30s break after 11400 requests
  [polite-pause] 30s break after 11500 requests
  [empty] Rashbam on Bava Batra: 
  [book] Rashbam on Menachot
  [polite-pause] 30s break after 11600 requests
  [polite-pause] 30s break after 11700 requests
  [polite-pause] 30s break after 11800 requests
  [empty] Rashbam on Menachot: 
  [book] Tosafot on Berakhot
  [polite-pause] 30s break after 11900 requests
  [empty] Tosafot on Berakhot: 
  [book] Tosafot on Shabbat
  [polite-pause] 30s break after 12000 requests
  [polite-pause] 30s break after 12100 requests
  [polite-pause] 30s break after 12200 requests
  [empty] Tosafot on Shabbat: 
  [book] Tosafot on Eruvin
  [polite-pause] 30s break after 12300 requests
  [polite-pause] 30s break after 12400 requests
